// Jest Snapshot v1, https://goo.gl/fbAQLP

exports[`ComponentC matches it\`s snapshot 1`] = `
<DocumentFragment>
  <div
    class="component-wrapper"
  >
    <code
      class="component-label"
    >
      <h1>
        Component C
      </h1>
      <p>
        This component has an input where users can enter a person's id
      </p>
      <p>
        This component has a child which finds a person given an id
      </p>
    </code>
    <div>
      <label
        for="id-input"
      >
        Enter a person's ID: 
      </label>
      <input
        id="id-input"
        placeholder="abc123"
        value=""
      />
    </div>
    <div
      class="component-wrapper"
    >
      <code
        class="component-label"
      >
        <h2>
          Component B
        </h2>
        <p>
          This component finds people when it is passed an id
        </p>
        <p>
          This component has a child which displays names given names
        </p>
      </code>
      <p>
        finding person with id 
      </p>
      <div
        class="component-wrapper"
      >
        <code
          class="component-label"
        >
          <h3>
            Component A
          </h3>
          <p>
            This component displays names that are passed to it
          </p>
        </code>
        <p>
          The person's name is Snapshot name
        </p>
      </div>
    </div>
  </div>
</DocumentFragment>
`;
